
> trading-education-platform@0.0.0 build
> next build

  Γû▓ Next.js 14.2.3
  - Environments: .env.local

   Creating an optimized production build ...
node.exe : Failed to 
compile.
At line:1 char:1
+ & "C:\Program Files\
nodejs/node.exe" 
"C:\Program 
Files\nodejs/node_mo 
...
+ ~~~~~~~~~~~~~~~~~~~~
~~~~~~~~~~~~~~~~~~~~~~
~~~~~~~~~~~~~~~~~~~~~~
~~~~~
    + CategoryInfo    
          : NotSpeci  
  fied: (Failed to    
 compile.:String)     
[], RemoteExcepti    
on
    + FullyQualifiedE 
   rrorId : NativeCo  
  mmandError
 

./app/admin/chats/page
.tsx
Module not found: 
Can't resolve 
'date-fns'

https://nextjs.org/doc
s/messages/module-not-
found

./app/admin/knowledge-
base/page.tsx
Module not found: 
Can't resolve '@/src/f
irebase/knowledgeBase'

https://nextjs.org/doc
s/messages/module-not-
found

./app/admin/page.tsx
Module not found: 
Can't resolve 
'@/src/firebase/chat'

https://nextjs.org/doc
s/messages/module-not-
found

./app/dashboard/page.t
sx
Module not found: 
Can't resolve '@/compo
nents/layout/Sidebar'

https://nextjs.org/doc
s/messages/module-not-
found

./app/dashboard/page.t
sx
Module not found: 
Can't resolve 
'@/components/ui/Card'

https://nextjs.org/doc
s/messages/module-not-
found


> Build failed 
because of webpack 
errors
